// Jest Snapshot v1, https://goo.gl/fbAQLP

exports[`InputValue matches snapshot 1`] = `
<div
  className="input-value"
>
  <input
    readOnly={true}
    type="text"
    value="test"
  />
  <Clipboardable
    value="test"
  >
    <TiClipboard />
  </Clipboardable>
</div>
`;
